// Jest Snapshot v1, https://jestjs.io/docs/snapshot-testing

exports[`GrandTotal Snapshot Tests matches desktop snapshot: desktop-layout 1`] = `
<table>
  <tbody
    class="grand-totals"
  >
    <tr>
      <td
        class="border-t-2 border-gray-600"
        colspan="14"
      />
    </tr>
    <tr
      class="holding-footer text-sm bg-gray-100 border-b-2 border-gray-600 hover:!bg-slate-200 transition-colors duration-200"
    >
      <td
        class="px-1 py-1 md:px-2 xl:px-4 text-xs md:text-sm font-medium text-right"
      >
        <div>
          Value in PORTFOLIO
        </div>
      </td>
      <td
        colspan="1"
      />
      <td
        class="px-1 py-1 md:px-2 xl:px-4 text-xs md:text-sm font-medium text-right  "
        colspan="1"
      />
      <td
        class="px-1 py-1 md:px-2 xl:px-4 text-xs md:text-sm font-medium text-right  text-green-500"
        colspan="1"
      >
        <span>
          72.76
        </span>
      </td>
      <td
        class="px-1 py-1 md:px-2 xl:px-4 text-xs md:text-sm font-medium text-right  "
        colspan="1"
      >
        <span>
          8,150.65
        </span>
      </td>
      <td
        class="px-1 py-1 md:px-2 xl:px-4 text-xs md:text-sm font-medium text-right hidden md:table-cell "
        colspan="1"
      />
      <td
        class="px-1 py-1 md:px-2 xl:px-4 text-xs md:text-sm font-medium text-right  "
        colspan="1"
      >
        <span>
          12,643.74
        </span>
      </td>
      <td
        class="px-1 py-1 md:px-2 xl:px-4 text-xs md:text-sm font-medium text-right hidden md:table-cell "
        colspan="1"
      >
        <span>
          299.02
        </span>
      </td>
      <td
        class="px-1 py-1 md:px-2 xl:px-4 text-xs md:text-sm font-medium text-right hidden md:table-cell "
        colspan="1"
      >
        <span>
          3,503.85
        </span>
      </td>
      <td
        class="px-1 py-1 md:px-2 xl:px-4 text-xs md:text-sm font-medium text-right hidden md:table-cell "
        colspan="1"
      >
        <span>
          481.44
        </span>
      </td>
      <td
        class="px-1 py-1 md:px-2 xl:px-4 text-xs md:text-sm font-medium text-right  "
        colspan="1"
      >
        <span>
          15.00
        </span>
      </td>
      <td
        class="px-1 py-1 md:px-2 xl:px-4 text-xs md:text-sm font-medium text-center hidden xl:table-cell "
        colspan="1"
      />
      <td
        class="px-1 py-1 md:px-2 xl:px-4 text-xs md:text-sm font-medium text-right hidden xl:table-cell "
        colspan="1"
      >
        <span>
          100.00
        </span>
        %
      </td>
      <td
        class="px-1 py-1 md:px-2 xl:px-4 text-xs md:text-sm font-medium text-right  "
        colspan="1"
      >
        <span>
          4,284.31
        </span>
      </td>
    </tr>
  </tbody>
</table>
`;

exports[`GrandTotal Snapshot Tests matches mobile snapshot: mobile-layout 1`] = `
<table>
  <tbody
    class="grand-totals"
  >
    <tr>
      <td
        class="border-t-2 border-gray-600"
        colspan="14"
      />
    </tr>
    <tr
      class="holding-footer text-sm bg-gray-100 border-b-2 border-gray-600 hover:!bg-slate-200 transition-colors duration-200"
    >
      <td
        class="px-1 py-1 md:px-2 xl:px-4 text-xs md:text-sm font-medium text-right"
      >
        <div>
          Value in PORTFOLIO
        </div>
      </td>
      <td
        colspan="1"
      />
      <td
        class="px-1 py-1 md:px-2 xl:px-4 text-xs md:text-sm font-medium text-right  "
        colspan="1"
      />
      <td
        class="px-1 py-1 md:px-2 xl:px-4 text-xs md:text-sm font-medium text-right  text-green-500"
        colspan="1"
      >
        <span>
          72.76
        </span>
      </td>
      <td
        class="px-1 py-1 md:px-2 xl:px-4 text-xs md:text-sm font-medium text-right  "
        colspan="1"
      >
        <span>
          8,150.65
        </span>
      </td>
      <td
        class="px-1 py-1 md:px-2 xl:px-4 text-xs md:text-sm font-medium text-right hidden md:table-cell "
        colspan="1"
      />
      <td
        class="px-1 py-1 md:px-2 xl:px-4 text-xs md:text-sm font-medium text-right  "
        colspan="1"
      >
        <span>
          12,643.74
        </span>
      </td>
      <td
        class="px-1 py-1 md:px-2 xl:px-4 text-xs md:text-sm font-medium text-right hidden md:table-cell "
        colspan="1"
      >
        <span>
          299.02
        </span>
      </td>
      <td
        class="px-1 py-1 md:px-2 xl:px-4 text-xs md:text-sm font-medium text-right hidden md:table-cell "
        colspan="1"
      >
        <span>
          3,503.85
        </span>
      </td>
      <td
        class="px-1 py-1 md:px-2 xl:px-4 text-xs md:text-sm font-medium text-right hidden md:table-cell "
        colspan="1"
      >
        <span>
          481.44
        </span>
      </td>
      <td
        class="px-1 py-1 md:px-2 xl:px-4 text-xs md:text-sm font-medium text-right  "
        colspan="1"
      >
        <span>
          15.00
        </span>
      </td>
      <td
        class="px-1 py-1 md:px-2 xl:px-4 text-xs md:text-sm font-medium text-center hidden xl:table-cell "
        colspan="1"
      />
      <td
        class="px-1 py-1 md:px-2 xl:px-4 text-xs md:text-sm font-medium text-right hidden xl:table-cell "
        colspan="1"
      >
        <span>
          100.00
        </span>
        %
      </td>
      <td
        class="px-1 py-1 md:px-2 xl:px-4 text-xs md:text-sm font-medium text-right  "
        colspan="1"
      >
        <span>
          4,284.31
        </span>
      </td>
    </tr>
  </tbody>
</table>
`;

exports[`GrandTotal Snapshot Tests matches tablet snapshot: tablet-layout 1`] = `
<table>
  <tbody
    class="grand-totals"
  >
    <tr>
      <td
        class="border-t-2 border-gray-600"
        colspan="14"
      />
    </tr>
    <tr
      class="holding-footer text-sm bg-gray-100 border-b-2 border-gray-600 hover:!bg-slate-200 transition-colors duration-200"
    >
      <td
        class="px-1 py-1 md:px-2 xl:px-4 text-xs md:text-sm font-medium text-right"
      >
        <div>
          Value in PORTFOLIO
        </div>
      </td>
      <td
        colspan="1"
      />
      <td
        class="px-1 py-1 md:px-2 xl:px-4 text-xs md:text-sm font-medium text-right  "
        colspan="1"
      />
      <td
        class="px-1 py-1 md:px-2 xl:px-4 text-xs md:text-sm font-medium text-right  text-green-500"
        colspan="1"
      >
        <span>
          72.76
        </span>
      </td>
      <td
        class="px-1 py-1 md:px-2 xl:px-4 text-xs md:text-sm font-medium text-right  "
        colspan="1"
      >
        <span>
          8,150.65
        </span>
      </td>
      <td
        class="px-1 py-1 md:px-2 xl:px-4 text-xs md:text-sm font-medium text-right hidden md:table-cell "
        colspan="1"
      />
      <td
        class="px-1 py-1 md:px-2 xl:px-4 text-xs md:text-sm font-medium text-right  "
        colspan="1"
      >
        <span>
          12,643.74
        </span>
      </td>
      <td
        class="px-1 py-1 md:px-2 xl:px-4 text-xs md:text-sm font-medium text-right hidden md:table-cell "
        colspan="1"
      >
        <span>
          299.02
        </span>
      </td>
      <td
        class="px-1 py-1 md:px-2 xl:px-4 text-xs md:text-sm font-medium text-right hidden md:table-cell "
        colspan="1"
      >
        <span>
          3,503.85
        </span>
      </td>
      <td
        class="px-1 py-1 md:px-2 xl:px-4 text-xs md:text-sm font-medium text-right hidden md:table-cell "
        colspan="1"
      >
        <span>
          481.44
        </span>
      </td>
      <td
        class="px-1 py-1 md:px-2 xl:px-4 text-xs md:text-sm font-medium text-right  "
        colspan="1"
      >
        <span>
          15.00
        </span>
      </td>
      <td
        class="px-1 py-1 md:px-2 xl:px-4 text-xs md:text-sm font-medium text-center hidden xl:table-cell "
        colspan="1"
      />
      <td
        class="px-1 py-1 md:px-2 xl:px-4 text-xs md:text-sm font-medium text-right hidden xl:table-cell "
        colspan="1"
      >
        <span>
          100.00
        </span>
        %
      </td>
      <td
        class="px-1 py-1 md:px-2 xl:px-4 text-xs md:text-sm font-medium text-right  "
        colspan="1"
      >
        <span>
          4,284.31
        </span>
      </td>
    </tr>
  </tbody>
</table>
`;
