// Jest Snapshot v1, https://goo.gl/fbAQLP

exports[`<Portfolios /> should match snapshot 1`] = `
<div>
  <div>
    <nav
      class="container has-background-grey-lighter"
    >
      <div
        class="column is-left"
      >
        <button
          class="navbar-item button is-link is-small"
        >
          Create
        </button>
      </div>
    </nav>
    <div
      class="page-box is-primary has-background-light"
    >
      <div
        class="container"
      >
        <table
          class="table is-striped is-hoverable"
        >
          <thead>
            <tr>
              <th>
                Code
              </th>
              <th>
                Name
              </th>
              <th>
                Report
              </th>
              <th>
                Base
              </th>
              <th>
                Actions
              </th>
            </tr>
          </thead>
          <tbody>
            <tr>
              <td>
                <a
                  href="/holdings/TEST"
                >
                  TEST
                </a>
              </td>
              <td>
                Test Portfolio
              </td>
              <td>
                â‚¬
                EUR
              </td>
              <td>
                $
                USD
              </td>
              <td>
                <a
                  class="far fa-edit"
                  href="/portfolios/Kdf3jfUfSYqXV_S4Myc2wA"
                />
                <span>
                   
                </span>
                <a
                  class="far fa-trash-alt has-padding-left-6"
                  href="/portfolios/Kdf3jfUfSYqXV_S4Myc2wA/delete"
                />
              </td>
            </tr>
          </tbody>
        </table>
      </div>
    </div>
  </div>
</div>
`;
